Archive member included because of file (symbol)

/opt/netsurf/m68k-unknown-amigaos/env/lib/libjpeg.a(jdmarker.o)
                              build-newer-morphos/image_jpeg.o (_jpeg_resync_to_restart)
/opt/netsurf/m68k-unknown-amigaos/env/lib/libjpeg.a(jerror.o)
                              build-newer-morphos/image_jpeg.o (_jpeg_std_error)
/opt/netsurf/m68k-unknown-amigaos/env/lib/libjpeg.a(jdapimin.o)
                              build-newer-morphos/image_jpeg.o (_jpeg_CreateDecompress)
/opt/netsurf/m68k-unknown-amigaos/env/lib/libjpeg.a(jdapistd.o)
                              build-newer-morphos/image_jpeg.o (_jpeg_start_decompress)
/opt/netsurf/m68k-unknown-amigaos/env/lib/libjpeg.a(jcomapi.o)
                              /opt/netsurf/m68k-unknown-amigaos/env/lib/libjpeg.a(jdapimin.o) (_jpeg_abort)
/opt/netsurf/m68k-unknown-amigaos/env/lib/libjpeg.a(jutils.o)
                              /opt/netsurf/m68k-unknown-amigaos/env/lib/libjpeg.a(jdmarker.o) (_jpeg_natural_order)
/opt/netsurf/m68k-unknown-amigaos/env/lib/libjpeg.a(jmemmgr.o)
                              /opt/netsurf/m68k-unknown-amigaos/env/lib/libjpeg.a(jdapimin.o) (_jinit_memory_mgr)
/opt/netsurf/m68k-unknown-amigaos/env/lib/libjpeg.a(jdinput.o)
                              /opt/netsurf/m68k-unknown-amigaos/env/lib/libjpeg.a(jdapimin.o) (_jinit_input_controller)
/opt/netsurf/m68k-unknown-amigaos/env/lib/libjpeg.a(jdmaster.o)
                              /opt/netsurf/m68k-unknown-amigaos/env/lib/libjpeg.a(jdapistd.o) (_jinit_master_decompress)
/opt/netsurf/m68k-unknown-amigaos/env/lib/libjpeg.a(jmemnobs.o)
                              /opt/netsurf/m68k-unknown-amigaos/env/lib/libjpeg.a(jmemmgr.o) (_jpeg_get_small)
/opt/netsurf/m68k-unknown-amigaos/env/lib/libjpeg.a(jquant1.o)
                              /opt/netsurf/m68k-unknown-amigaos/env/lib/libjpeg.a(jdmaster.o) (_jinit_1pass_quantizer)
/opt/netsurf/m68k-unknown-amigaos/env/lib/libjpeg.a(jquant2.o)
                              /opt/netsurf/m68k-unknown-amigaos/env/lib/libjpeg.a(jdmaster.o) (_jinit_2pass_quantizer)
/opt/netsurf/m68k-unknown-amigaos/env/lib/libjpeg.a(jdmerge.o)
                              /opt/netsurf/m68k-unknown-amigaos/env/lib/libjpeg.a(jdmaster.o) (_jinit_merged_upsampler)
/opt/netsurf/m68k-unknown-amigaos/env/lib/libjpeg.a(jdcolor.o)
                              /opt/netsurf/m68k-unknown-amigaos/env/lib/libjpeg.a(jdmaster.o) (_jinit_color_deconverter)
/opt/netsurf/m68k-unknown-amigaos/env/lib/libjpeg.a(jdsample.o)
                              /opt/netsurf/m68k-unknown-amigaos/env/lib/libjpeg.a(jdmaster.o) (_jinit_upsampler)
/opt/netsurf/m68k-unknown-amigaos/env/lib/libjpeg.a(jdpostct.o)
                              /opt/netsurf/m68k-unknown-amigaos/env/lib/libjpeg.a(jdmaster.o) (_jinit_d_post_controller)
/opt/netsurf/m68k-unknown-amigaos/env/lib/libjpeg.a(jddctmgr.o)
                              /opt/netsurf/m68k-unknown-amigaos/env/lib/libjpeg.a(jdmaster.o) (_jinit_inverse_dct)
/opt/netsurf/m68k-unknown-amigaos/env/lib/libjpeg.a(jdarith.o)
                              /opt/netsurf/m68k-unknown-amigaos/env/lib/libjpeg.a(jdmaster.o) (_jinit_arith_decoder)
/opt/netsurf/m68k-unknown-amigaos/env/lib/libjpeg.a(jdhuff.o)
                              /opt/netsurf/m68k-unknown-amigaos/env/lib/libjpeg.a(jdmaster.o) (_jinit_huff_decoder)
/opt/netsurf/m68k-unknown-amigaos/env/lib/libjpeg.a(jdcoefct.o)
                              /opt/netsurf/m68k-unknown-amigaos/env/lib/libjpeg.a(jdmaster.o) (_jinit_d_coef_controller)
/opt/netsurf/m68k-unknown-amigaos/env/lib/libjpeg.a(jdmainct.o)
                              /opt/netsurf/m68k-unknown-amigaos/env/lib/libjpeg.a(jdmaster.o) (_jinit_d_main_controller)
/opt/netsurf/m68k-unknown-amigaos/env/lib/libjpeg.a(jidctint.o)
                              /opt/netsurf/m68k-unknown-amigaos/env/lib/libjpeg.a(jddctmgr.o) (_jpeg_idct_islow)
/opt/netsurf/m68k-unknown-amigaos/env/lib/libjpeg.a(jidctfst.o)
                              /opt/netsurf/m68k-unknown-amigaos/env/lib/libjpeg.a(jddctmgr.o) (_jpeg_idct_ifast)
/opt/netsurf/m68k-unknown-amigaos/env/lib/libjpeg.a(jidctflt.o)
                              /opt/netsurf/m68k-unknown-amigaos/env/lib/libjpeg.a(jddctmgr.o) (_jpeg_idct_float)
/opt/netsurf/m68k-unknown-amigaos/env/lib/libjpeg.a(jaricom.o)
                              /opt/netsurf/m68k-unknown-amigaos/env/lib/libjpeg.a(jdarith.o) (_jpeg_aritab)
/opt/netsurf/m68k-unknown-amigaos/env/lib/libz.a(inflate.o)
                              build-newer-morphos/mui_loadpng.o (_inflateInit2_)
/opt/netsurf/m68k-unknown-amigaos/env/lib/libz.a(gzlib.o)
                              build-newer-morphos/utils_messages.o (_gzopen)
/opt/netsurf/m68k-unknown-amigaos/env/lib/libz.a(gzclose.o)
                              build-newer-morphos/utils_messages.o (_gzclose)
/opt/netsurf/m68k-unknown-amigaos/env/lib/libz.a(gzread.o)
                              build-newer-morphos/utils_messages.o (_gzgets)
[...]
Memory Configuration

Name             Origin             Length             Attributes
*default*        0x00000000         0xffffffff

Linker script and memory map

LOAD /opt/netsurf/m68k-unknown-amigaos/cross/lib/gcc/m68k-unknown-amigaos/3.4.6/../../../../m68k-unknown-amigaos/lib/crt0.o
LOAD build-newer-morphos/content_content.o
LOAD build-newer-morphos/content_fetch.o
LOAD build-newer-morphos/content_fetchcache.o
LOAD build-newer-morphos/content_fetchers_fetch_curl.o
LOAD build-newer-morphos/content_fetchers_fetch_data.o
LOAD build-newer-morphos/content_urldb.o
LOAD build-newer-morphos/css_css.o
LOAD build-newer-morphos/css_css_enum.o
LOAD build-newer-morphos/css_parser.o
LOAD build-newer-morphos/css_ruleset.o
LOAD build-newer-morphos/css_scanner.o
LOAD build-newer-morphos/desktop_browser.o
LOAD build-newer-morphos/desktop_frames.o
LOAD build-newer-morphos/desktop_history_core.o
LOAD build-newer-morphos/desktop_knockout.o
LOAD build-newer-morphos/desktop_netsurf.o
LOAD build-newer-morphos/desktop_options.o
LOAD build-newer-morphos/desktop_print.o
LOAD build-newer-morphos/desktop_save_pdf_font_haru.o
LOAD build-newer-morphos/desktop_save_pdf_pdf_plotters.o
LOAD build-newer-morphos/desktop_save_text.o
LOAD build-newer-morphos/desktop_selection.o
LOAD build-newer-morphos/desktop_textinput.o
LOAD build-newer-morphos/desktop_tree.o
LOAD build-newer-morphos/desktop_version.o
LOAD build-newer-morphos/image_bmp.o
LOAD build-newer-morphos/image_gif.o
LOAD build-newer-morphos/image_ico.o
LOAD build-newer-morphos/image_jpeg.o
LOAD build-newer-morphos/image_mng.o
LOAD build-newer-morphos/image_nssprite.o
LOAD build-newer-morphos/image_png.o
LOAD build-newer-morphos/image_rsvg.o
LOAD build-newer-morphos/image_svg.o
LOAD build-newer-morphos/mui_addressbarclass.o
LOAD build-newer-morphos/mui_applicationclass.o
LOAD build-newer-morphos/mui_bitmap.o
LOAD build-newer-morphos/mui_browserclass.o
LOAD build-newer-morphos/mui_clipboard.o
LOAD build-newer-morphos/mui_cookies.o
LOAD build-newer-morphos/mui_downloadwindowclass.o
LOAD build-newer-morphos/mui_extrasrc.o
LOAD build-newer-morphos/mui_fetch.o
LOAD build-newer-morphos/mui_fetch_file.o
LOAD build-newer-morphos/mui_filetype.o
LOAD build-newer-morphos/mui_findtextclass.o
LOAD build-newer-morphos/mui_font.o
LOAD build-newer-morphos/mui_gui.o
LOAD build-newer-morphos/mui_history.o
LOAD build-newer-morphos/mui_historylistclass.o
LOAD build-newer-morphos/mui_historypopstringclass.o
LOAD build-newer-morphos/mui_hotlistwindowclass.o
LOAD build-newer-morphos/mui_loadpng.o
LOAD build-newer-morphos/mui_login.o
LOAD build-newer-morphos/mui_loginwindowclass.o
LOAD build-newer-morphos/mui_methodstack.o
LOAD build-newer-morphos/mui_mui.o
LOAD build-newer-morphos/mui_navigationbarclass.o
LOAD build-newer-morphos/mui_netsurf.o
LOAD build-newer-morphos/mui_pdfclass.o
LOAD build-newer-morphos/mui_plotters.o
LOAD build-newer-morphos/mui_popstringclass.o
LOAD build-newer-morphos/mui_print.o
LOAD build-newer-morphos/mui_quicklinkbuttongroupclass.o
LOAD build-newer-morphos/mui_quicklinkgroupclass.o
LOAD build-newer-morphos/mui_quicklinkparentgroupclass.o
LOAD build-newer-morphos/mui_save_complete.o
LOAD build-newer-morphos/mui_save_pdf.o
LOAD build-newer-morphos/mui_schedule.o
LOAD build-newer-morphos/mui_search.o
LOAD build-newer-morphos/mui_searchbarclass.o
LOAD build-newer-morphos/mui_throbber.o
LOAD build-newer-morphos/mui_thumbnail.o
LOAD build-newer-morphos/mui_titleclass.o
LOAD build-newer-morphos/mui_titlelabelclass.o
LOAD build-newer-morphos/mui_toolbuttonclass.o
LOAD build-newer-morphos/mui_transferanimclass.o
LOAD build-newer-morphos/mui_tree.o
LOAD build-newer-morphos/mui_utf8.o
LOAD build-newer-morphos/mui_utils.o
LOAD build-newer-morphos/mui_windowclass.o
LOAD build-newer-morphos/render_box.o
LOAD build-newer-morphos/render_box_construct.o
LOAD build-newer-morphos/render_box_normalise.o
LOAD build-newer-morphos/render_directory.o
LOAD build-newer-morphos/render_form.o
LOAD build-newer-morphos/render_html.o
LOAD build-newer-morphos/render_html_redraw.o
LOAD build-newer-morphos/render_hubbub_binding.o
LOAD build-newer-morphos/render_imagemap.o
LOAD build-newer-morphos/render_layout.o
LOAD build-newer-morphos/render_list.o
LOAD build-newer-morphos/render_loosen.o
LOAD build-newer-morphos/render_table.o
LOAD build-newer-morphos/render_textplain.o
LOAD build-newer-morphos/utils_base64.o
LOAD build-newer-morphos/utils_filename.o
LOAD build-newer-morphos/utils_hashtable.o
LOAD build-newer-morphos/utils_locale.o
LOAD build-newer-morphos/utils_messages.o
LOAD build-newer-morphos/utils_talloc.o
LOAD build-newer-morphos/utils_url.o
LOAD build-newer-morphos/utils_useragent.o
LOAD build-newer-morphos/utils_utf8.o
LOAD build-newer-morphos/utils_utils.o
LOAD /opt/netsurf/m68k-unknown-amigaos/env/lib/libjpeg.a
LOAD /opt/netsurf/m68k-unknown-amigaos/env/lib/libz.a
LOAD lib/libmui-5.a
LOAD /mnt/e/usr/local/amiga/m68k-amigaos/clib/extra/ns-lib/libasyncio.a
LOAD /mnt/e/usr/local/amiga/m68k-amigaos/clib/extra/ns-lib/libxml2.a
LOAD lib/libnsgif-0.0.3.a
LOAD lib/libnsbmp-0.0.2.a
LOAD /opt/netsurf/m68k-unknown-amigaos/env/lib/libtre.a
LOAD /opt/netsurf/m68k-unknown-amigaos/env/lib/libcurl.a
LOAD /opt/netsurf/m68k-unknown-amigaos/cross/lib/gcc/m68k-unknown-amigaos/3.4.6/../../../../m68k-unknown-amigaos/lib/libamisslauto.a
LOAD /opt/netsurf/m68k-unknown-amigaos/cross/lib/gcc/m68k-unknown-amigaos/3.4.6/../../../../m68k-unknown-amigaos/lib/libamisslstubs.a
LOAD /opt/netsurf/m68k-unknown-amigaos/env/lib/libiconv.a
LOAD /mnt/e/usr/local/amiga/m68k-amigaos/clib/extra/ns-lib/libamiga2.a
LOAD /opt/netsurf/m68k-unknown-amigaos/cross/lib/gcc/m68k-unknown-amigaos/3.4.6/../../../../m68k-unknown-amigaos/lib/libdebug.a
LOAD lib/libhubbub-0.0.2.a
LOAD lib/libparserutils-0.0.1.a
LOAD lib/libpng12.a
LOAD /opt/netsurf/m68k-unknown-amigaos/env/lib/libpbl.a
LOAD /opt/netsurf/m68k-unknown-amigaos/env/lib/libiconv.a
LOAD /opt/netsurf/m68k-unknown-amigaos/cross/lib/gcc/m68k-unknown-amigaos/3.4.6/../../../../m68k-unknown-amigaos/lib/libunix.a
LOAD /opt/netsurf/m68k-unknown-amigaos/cross/lib/gcc/m68k-unknown-amigaos/3.4.6/../../../../m68k-unknown-amigaos/lib/libm.a
LOAD /opt/netsurf/m68k-unknown-amigaos/cross/lib/gcc/m68k-unknown-amigaos/3.4.6/../../../../m68k-unknown-amigaos/lib/libc.a
LOAD /opt/netsurf/m68k-unknown-amigaos/cross/lib/gcc/m68k-unknown-amigaos/3.4.6/../../../../m68k-unknown-amigaos/lib/libnet.a
LOAD /mnt/e/usr/local/amiga/m68k-amigaos/clib/extra/ns-lib/libft2.a
LOAD /mnt/e/usr/local/amiga/m68k-amigaos/clib/extra/ns-lib/libjpeg-turbo.a
LOAD /opt/netsurf/m68k-unknown-amigaos/cross/lib/gcc/m68k-unknown-amigaos/3.4.6/libgcc.a
LOAD /opt/netsurf/m68k-unknown-amigaos/cross/lib/gcc/m68k-unknown-amigaos/3.4.6/../../../../m68k-unknown-amigaos/lib/libc.a
LOAD /opt/netsurf/m68k-unknown-amigaos/cross/lib/gcc/m68k-unknown-amigaos/3.4.6/../../../../m68k-unknown-amigaos/lib/libamiga.a
LOAD /opt/netsurf/m68k-unknown-amigaos/cross/lib/gcc/m68k-unknown-amigaos/3.4.6/../../../../m68k-unknown-amigaos/lib/libc.a
LOAD /opt/netsurf/m68k-unknown-amigaos/cross/lib/gcc/m68k-unknown-amigaos/3.4.6/libgcc.a
                0x00000000                PROVIDE (___machtype, 0x0)
                0x00000000                . = 0x0

.text           0x00000000   0x337a44
                0x00000000                __stext = .
 *(.text)
 .text          0x00000000       0x14 /opt/netsurf/m68k-unknown-amigaos/cross/lib/gcc/m68k-unknown-amigaos/3.4.6/../../../../m68k-unknown-amigaos/lib/crt0.o
                0x00000008                ___get_a4
                0x00000006                _geta4
                0x0000000c                ___set_a4
 .text          0x00000014     0x1b24 build-newer-morphos/content_content.o
                0x00000d82                _content_set_status
                0x00000a44                _content_set_type
                0x00000ec0                _content_process_data
                0x00000954                _content_get_ready
                0x000011fa                _content_set_done
                0x000018aa                _content_stop
                0x000008e6                _content_get
                0x00001b36                _content_add_error
                0x000017e4                _content_broadcast
                0x00001708                _content_find_user
                0x00000732                _content_lookup
                0x00001086                _content_convert
                0x0000169e                _content_add_user
                0x00001262                _content_reformat
                0x00001604                _content_redraw
                0x000009c4                _content_can_reformat
                0x0000078e                _content_create
                0x00000528                _content_type_name
                0x00001598                _content_quit
                0x00001ad8                _content_close
                0x00001760                _content_remove_user
                0x0000057a                _content_status_name
                0x000014d8                _content_reset
                0x00001a64                _content_open
                0x0000133e                _content_clean
                0x0000167e                _content_redraw_tiled
 .text          0x00001b38      0x960 build-newer-morphos/content_fetch.o
                0x000022d0                _fetch_get_parent_url
                0x00001b94                _fetch_init
                0x0000241a                _fetch_get_referer_to_send
                0x0000229e                _fetch_http_code
                0x00002270                _fetch_change_callback
                0x0000217c                _fetch_free
                0x00002148                _fetch_abort
                0x00001bda                _fetch_add_fetcher
                0x0000243c                _fetch_set_cookie
                0x000021d4                _fetch_poll
                0x00001cd2                _fetch_start
                0x0000232e                _fetch_send_callback
                0x0000234c                _fetch_remove_from_queues
                0x00002202                _fetch_can_fetch
                0x00001ba8                _fetch_quit
                0x0000240e                _fetch_set_http_code
                0x000022a8                _fetch_get_referer
                0x00002304                _fetch_get_verifiable
 .text          0x00002498     0x20f0 build-newer-morphos/content_fetchcache.o
                0x0000250c                _fetchcache
                0x00002858                _fetchcache_go
                0x0000320e                _fetchcache_init
 .text          0x00004588     0x2090 build-newer-morphos/content_fetchers_fetch_curl.o
                0x000046ea                _fetch_curl_register
 .text          0x00006618      0x5e8 build-newer-morphos/content_fetchers_fetch_data.o
                0x00006bd4                _fetch_data_register
 .text          0x00006c00     0x4390 build-newer-morphos/content_urldb.o
                0x0000ad8e                _urldb_destroy
                0x0000707e                _urldb_save
                0x00007daa                _urldb_iterate_cookies
                0x00007a62                _urldb_iterate_partial
                0x00007d62                _urldb_iterate_entries
                0x000094ca                _urldb_set_cookie
                0x000079ae                _urldb_set_thumbnail
                0x000088e0                _urldb_dump
                0x00007796                _urldb_get_auth_details
                0x00007a04                _urldb_get_thumbnail
                0x0000761a                _urldb_set_url_title
                0x000076ac                _urldb_update_url_visit_data
                0x000074ae                _urldb_set_url_persistence
                0x000076f0                _urldb_reset_url_visit_data
                0x0000788c                _urldb_set_auth_details
                0x000074ec                _urldb_add_url
                0x0000a8c8                _urldb_delete_cookie
                0x0000a38a                _urldb_load_cookies
                0x00008f5e                _urldb_get_cookie
                0x00007676                _urldb_set_url_content_type
                0x00007828                _urldb_get_cert_permissions
                0x00007762                _urldb_get_url
                0x00006cc0                _urldb_load
                0x0000ab72                _urldb_save_cookies
                0x00007956                _urldb_set_cert_permissions
                0x00007728                _urldb_get_url_data
 .text          0x0000af90     0x590c build-newer-morphos/css_css.o
                0x0000bb9e                _css_free_style
                0x0000b7da                _css_convert
                0x0000bd78                _css_new_selector
                0x0000bcd4                _css_deep_free_counter_control
                0x0000b28c                _css_empty_style
                0x0000f512                _css_cascade
                0x0000f132                _css_dump_stylesheet
                0x0001043e                _css_len2px
                0x0000d1c0                _css_dump_style
                0x0000bd44                _css_free_node
                0x0000cbf4                _css_parse_property_list
                0x0000be0c                _css_atimport
                0x0000bc54                _css_deep_free_content
                0x0000b9f0                _css_destroy
                0x0000b52c                _css_blank_style
                0x0000c498                _css_get_style
                0x0000bdbe                _css_free_selector
                0x00010618                _css_len2pt
                0x0000fd9a                _css_merge
                0x0000bb50                _css_duplicate_style
                0x0000afec                _css_base_style
                0x00010740                _css_eyecatching_border
                0x0000bd00                _css_new_node
                0x0000baa4                _css_set_origin
                0x0000c1f0                _css_make_working_stylesheet
                0x000103b6                _css_hash
 .text          0x0001089c     0x1f8c build-newer-morphos/css_css_enum.o
                0x00011320                _css_direction_parse
                0x00011314                _css_direction_name
                0x00011948                _css_font_style_name
                0x00012020                _css_page_break_after_name
                0x00011ab4                _css_font_weight_name
                0x00012210                _css_page_break_inside_parse
                0x000125ca                _css_unicode_bidi_name
                0x000124ea                _css_text_transform_name
                0x00011858                _css_font_family_parse
                0x0001176e                _css_float_name
                0x00010eb2                _css_clear_parse
                0x00011958                _css_font_style_parse
                0x00012734                _css_white_space_name
                0x00012038                _css_page_break_after_parse
                0x00010e18                _css_caption_side_parse
                0x00010a08                _css_background_attachment_name
                0x00010ac2                _css_background_repeat_parse
                0x00012204                _css_page_break_inside_name
                0x00010aae                _css_background_repeat_name
                0x00012378                _css_table_layout_parse
                0x000125da                _css_unicode_bidi_parse
                0x00010c7c                _css_border_style_parse
                0x0001212a                _css_page_break_before_parse
                0x0001236c                _css_table_layout_name
                0x00011ddc                _css_list_style_type_parse
                0x00011006                _css_cursor_name
                0x00011ce6                _css_list_style_position_name
                0x000119fa                _css_font_variant_name
                0x00010b8c                _css_border_collapse_name
                0x0001177e                _css_float_parse
                0x000116ec                _css_empty_cells_name
                0x00010c50                _css_border_style_name
                0x000124fe                _css_text_transform_parse
                0x00011aec                _css_font_weight_parse
                0x00011056                _css_cursor_parse
                0x00011f46                _css_overflow_name
                0x00012680                _css_visibility_parse
                0x000108b4                _css_unit_name
                0x00011840                _css_font_family_name
                0x000122b4                _css_position_parse
                0x000108d4                _css_unit_parse
                0x000122a0                _css_position_name
                0x00010e9e                _css_clear_name
                0x00011f5a                _css_overflow_parse
                0x00012670                _css_visibility_name
                0x00012112                _css_page_break_before_name
                0x00011a06                _css_font_variant_parse
                0x00010e0c                _css_caption_side_name
                0x00011492                _css_display_parse
                0x00011db4                _css_list_style_type_name
                0x000123fe                _css_text_align_name
                0x000116f8                _css_empty_cells_parse
                0x0001274c                _css_white_space_parse
                0x0001144e                _css_display_name
                0x00011cf2                _css_list_style_position_parse
                0x00012412                _css_text_align_parse
                0x00010a14                _css_background_attachment_parse
                0x00010b98                _css_border_collapse_parse
 .text          0x00012828     0x3300 build-newer-morphos/css_parser.o
                0x00015b22                _css_parser_Fallback
                0x00012fd6                _css_parser_Trace
                0x00013f14                _css_parser_Init
                0x000140a8                _css_parser_Free
                0x00013f34                _css_parser_Alloc
                0x000157de                _css_parser_
                0x00014084                _css_parser_Finalize
 .text          0x00015b28     0x6174 build-newer-morphos/css_ruleset.o
                0x00017e2c                _named_colour
                0x00017a40                _css_add_ruleset
                0x00019d0c                _parse_counter_control_data
                0x00017b80                _css_add_declarations
                0x00017fb8                _hex_colour
                0x00019db8                _parse_counter_control_new
 .text          0x0001bc9c     0x1ca8 build-newer-morphos/css_scanner.o
                0x0001bc9c                _css_tokenise
 .text          0x0001d944     0x37f0 build-newer-morphos/desktop_browser.o
                0x0001e900                _browser_window_reload
                0x00021098                _browser_window_back_available
                0x0001e752                _browser_window_update
                0x00020ade                _browser_form_submit
                0x0001db60                _browser_window_go_unverifiable
                0x0001eb80                _browser_window_owner
                0x00020676                _browser_window_redraw_rect
                0x0001ed3c                _browser_window_refresh_url_bar
                0x0001da94                _browser_window_initialise_common
                0x00020838                _browser_window_form_select
                0x0001ebc0                _browser_window_reformat
                0x0001fe08                _browser_window_mouse_track
                0x0001d9d0                _browser_window_create
                0x0001ec22                _browser_window_set_scale
                0x0001e81c                _browser_window_stop
                0x00020724                _browser_redraw_box
                0x0001db12                _browser_window_go
                0x0002110c                _browser_window_stop_available
                0x00020116                _browser_window_mouse_drag_end
                0x000210c4                _browser_window_forward_available
                0x000210f0                _browser_window_reload_available
                0x0001db3c                _browser_window_download
                0x0001e9de                _browser_window_destroy
                0x0001f204                _browser_window_mouse_click
 .text          0x00021134     0x1270 build-newer-morphos/desktop_frames.o
                0x00021b78                _browser_window_resize_frame
                0x00021644                _browser_window_recalculate_frameset
                0x0002119a                _browser_window_create_iframes
                0x000212d8                _browser_window_recalculate_iframes
                0x000213d0                _browser_window_create_frameset
                0x00021fc2                _browser_window_resize_frames
 .text          0x000223a4      0xca4 build-newer-morphos/desktop_history_core.o
                0x00022fbc                _history_position_url
                0x000229ea                _history_back_available
                0x00022a0c                _history_forward_available
                0x000229bc                _history_forward
                0x0002298c                _history_back
                0x00022446                _history_clone
                0x00022632                _history_add
                0x0002240a                _history_create
                0x00022ca8                _history_redraw_rectangle
                0x00022824                _history_update
                0x00022924                _history_destroy
                0x00022c7c                _history_redraw
                0x00022f72                _history_click
                0x00022c66                _history_size
 .text          0x00023048      0xfe8 build-newer-morphos/desktop_knockout.o
                0x000230e2                _knockout_plot_start
                0x00023120                _knockout_plot_end
                0x000230a4                _knockout_plotters
 .text          0x00024030      0x214 build-newer-morphos/desktop_netsurf.o
                0x000240ea                _netsurf_init
                0x000240d0                _netsurf_main_loop
                0x000240ba                _netsurf_main
                0x000241d2                _netsurf_exit
                0x0002408c                _main
 .text          0x00024244      0xed4 build-newer-morphos/desktop_options.o
                0x000249c2                _options_load_tree
                0x000245ea                _options_read
                0x00024e8c                _options_save_tree
                0x00024dec                _options_find_tree_element
                0x00025096                _options_save_tree_entry
                0x00024784                _options_write
                0x00025012                _options_save_tree_directory
                0x0002486a                _options_dump
 .text          0x00025118      0x7bc build-newer-morphos/desktop_print.o
                0x000255ea                _print_cleanup
                0x000251bc                _print_basic_run
                0x0002525c                _print_set_up
                0x000252c0                _print_draw_next_page
                0x0002565c                _print_make_settings
 .text          0x000258d4      0x420 build-newer-morphos/desktop_save_text.o
                0x00025934                _save_as_text
                0x000259fc                _save_text_solve_whitespace
 .text          0x00025cf4      0xeb4 build-newer-morphos/desktop_selection.o
                0x00025e7e                _selection_init
                0x00026614                _selection_clear
                0x00026b6e                _selection_update
                0x00026914                _selection_highlighted
                0x00025d80                _selection_destroy
                0x000268da                _selection_get_end
                0x0002666e                _selection_select_all
                0x00025d50                _selection_create
                0x00025eda                _selection_label_subtree
                0x0002671c                _selection_set_start
                0x00026a78                _selection_save_text
                0x00025eb6                _selection_read_only
                0x00025da4                _selection_reinit
                0x00025f5c                _selection_click
                0x0002639a                _selection_traverse
                0x000268b6                _selection_get_start
                0x000260cc                _selection_track
                0x000267d8                _selection_set_end
 .text          0x00026ba8     0x2a64 build-newer-morphos/desktop_textinput.o
                0x00026c04                _caret_remove
                0x00028568                _browser_window_paste_text
                0x00026f4a                _browser_window_textarea_click
                0x000282dc                _browser_window_remove_caret
                0x000284c8                _browser_window_key_press
                0x00026d2c                _textarea_get_position
                0x00027b50                _browser_window_input_click
                0x00026c48                _caret_set_position
 .text          0x0002960c     0x1cc0 build-newer-morphos/desktop_tree.o
                0x0002a13c                _tree_handle_selection_area
                0x0002985a                _tree_handle_node_element_changed
                0x00029dda                _tree_get_node_element_at
                0x0002a5a4                _tree_get_link_details
                0x0002aa66                _tree_create_folder_node
                0x0002add4                _tree_create_cookie_node
                0x0002ac94                _tree_create_URL_node_shared
                0x0002ab70                _tree_create_leaf_node_shared
                0x0002a06e                _tree_move_processing_node
                0x0002a0f4                _tree_has_selection
                0x00029d46                _tree_set_node_selected
                0x0002abe6                _tree_create_URL_node
                0x0002b27c                _tree_get_selected_node
                0x0002a046                _tree_clear_processing
                0x0002aaec                _tree_create_leaf_node
                0x0002a66a                _tree_link_node
                0x0002b208                _tree_recalculate_size
                0x0002a7ca                _tree_delete_selected_nodes
                0x00029bc8                _tree_set_node_expanded
                0x0002976e                _tree_handle_node_changed
                0x0002967c                _tree_initialise
                0x000298f8                _tree_recalculate_node
                0x000296f8                _tree_initialise_nodes
                0x0002a34a                _tree_draw
                0x0002a812                _tree_delete_node
                0x00029f10                _tree_find_element
                0x00029db6                _tree_get_node_at
                0x00029f38                _tree_move_selected_nodes
                0x0002a740                _tree_delink_node
                0x000299d8                _tree_recalculate_node_positions
                0x00029c28                _tree_handle_expansion
 .text          0x0002b2cc       0x20 build-newer-morphos/desktop_version.o
                0x0002b2de                _netsurf_version
                0x0002b2e2                _netsurf_version_major
                0x0002b2e6                _netsurf_version_minor
 .text          0x0002b2ec      0x3a4 build-newer-morphos/image_bmp.o
                0x0002b3f0                _nsbmp_convert
                0x0002b638                _nsbmp_destroy
                0x0002b5c6                _nsbmp_redraw_tiled
                0x0002b56c                _nsbmp_redraw
                0x0002b352                _nsbmp_create
                0x0002b666                _nsbmp_bitmap_create
 .text          0x0002b690      0x95c build-newer-morphos/image_gif.o
                0x0002b9d0                _nsgif_redraw_tiled
                0x0002ba44                _nsgif_destroy
                0x0002b974                _nsgif_redraw
                0x0002b794                _nsgif_convert
                0x0002bfd4                _nsgif_bitmap_create
                0x0002b6f6                _nsgif_create
 .text          0x0002bfec      0x3e4 build-newer-morphos/image_ico.o
                0x0002c2aa                _nsico_redraw
                0x0002c052                _nsico_create
                0x0002c31c                _nsico_redraw_tiled
                0x0002c3a2                _nsico_destroy
                0x0002c100                _nsico_convert
 .text          0x0002c3d0      0x420 build-newer-morphos/image_jpeg.o
                0x0002c7c8                _nsjpeg_destroy
                0x0002c440                _nsjpeg_convert
                0x0002c758                _nsjpeg_redraw
                0x0002c788                _nsjpeg_redraw_tiled
 .text          0x0002c7f0      0x7d8 build-newer-morphos/image_png.o
                0x0002c866                _nspng_create
                0x0002cf3a                _nspng_redraw
                0x0002ca48                _nspng_process_data
                0x0002cf76                _nspng_redraw_tiled
                0x0002cf12                _nspng_destroy
                0x0002ce28                _nspng_convert
 .text          0x0002cfc8      0x65c build-newer-morphos/mui_addressbarclass.o
                0x0002d61a                _getaddressbargroupclassroot
                0x0002d5f0                _delete_addressbargroupclass
                0x0002d60e                _getaddressbargroupclass
                0x0002d59a                _create_addressbargroupclass
 .text          0x0002d624     0x1874 build-newer-morphos/mui_applicationclass.o
                0x0002ee66                _delete_applicationclass
                0x0002ee90                _getapplicationclassroot
                0x0002ee10                _create_applicationclass
                0x0002ee84                _getapplicationclass
 .text          0x0002ee98      0x268 build-newer-morphos/mui_bitmap.o
                0x0002f0a4                _bitmap_get_width
                0x0002f0c0                _bitmap_flush
                0x0002ef68                _bitmap_create
                0x0002eef4                _bitmap_cleanup
                0x0002f008                _bitmap_get_rowstride
                0x0002ef16                _bitmap_cache_check
                0x0002f0b0                _bitmap_get_height
                0x0002effe                _bitmap_get_buffer
                0x0002f084                _bitmap_test_opaque
                0x0002f072                _bitmap_set_suspendable
                0x0002f066                _bitmap_modified
                0x0002f0bc                _bitmap_get_bpp
                0x0002f074                _bitmap_set_opaque
                0x0002f094                _bitmap_get_opaque
                0x0002f012                _bitmap_destroy
                0x0002f062                _bitmap_save
 .text          0x0002f100     0x1974 build-newer-morphos/mui_browserclass.o
                0x0002f15c                _textinput_enable
                0x00030a6c                _getbrowserclassroot
                0x000309ec                _create_browserclass
                0x00030a42                _delete_browserclass
                0x00030a60                _getbrowserclass
                0x0002f15e                _textinput_disable
 .text          0x00030a74      0x3d8 build-newer-morphos/mui_clipboard.o
                0x00030d7a                _gui_copy_to_clipboard
                0x00030a74                _mui_clipboard_init
                0x00030c86                _gui_add_to_clipboard
                0x00030af2                _gui_start_selection
                0x00030c82                _gui_empty_clipboard
                0x00030abc                _mui_clipboard_free
                0x00030cc8                _gui_commit_clipboard
                0x00030af4                _gui_paste_from_clipboard
                0x00030af0                _gui_drag_save_selection
 .text          0x00030e4c      0x284 build-newer-morphos/mui_cookies.o
                0x00030eb6                _mui_cookies_initialise
                0x00030f62                _cookies_update
 .text          0x000310d0      0xba4 build-newer-morphos/mui_downloadwindowclass.o
                0x00031bec                _create_downloadwindowclass
                0x00031c60                _getdownloadwindowclass
                0x00031c42                _delete_downloadwindowclass
                0x00031c6c                _getdownloadwindowclassroot
 .text          0x00031c74      0x410 build-newer-morphos/mui_extrasrc.o
                0x00031dc4                _WritePixelArrayAlpha
                0x0003206c                _GetPred
                0x0003205a                _GetSucc
                0x00031c74                _DoSuperNew
                0x00032032                _GetHead
                0x00032044                _GetTail
                0x00031d6a                _NewRawDoFmt
                0x00031d1a                _NewRawDoFmt_org
                0x00031cfa                _NewObject
                0x00031f7c                _UTF8_Decode
 .text          0x00032084      0x200 build-newer-morphos/mui_fetch.o
                0x000320e0                _mui_fetch_initialise
                0x0003217a                _mui_fetch_start
                0x00032136                _mui_fetch_setup
                0x000320e4                _mui_fetch_finalise
                0x000321c2                _mui_fetch_abort
                0x000321e6                _mui_fetch_send_callback
                0x00032214                _mui_fetch_free
 .text          0x00032284      0x394 build-newer-morphos/mui_fetch_file.o
                0x000325e2                _mui_fetch_file_register
                0x000322e0                _mui_fetch_file_finalise
 .text          0x00032618      0x1f4 build-newer-morphos/mui_filetype.o
                0x000327a8                _fetch_filetype
                0x000327fa                _fetch_mimetype
 .text          0x0003280c      0x480 build-newer-morphos/mui_findtextclass.o
                0x00032c84                _getfindtextclassroot
                0x00032c5a                _delete_findtextclass
                0x00032c04                _create_findtextclass
                0x00032c78                _getfindtextclass
 .text          0x00032c8c      0x890 build-newer-morphos/mui_font.o
                0x00032cfe                _font_cleanup
                0x0003350e                _nsfont
                0x00032ce8                _font_init
                0x00032f5e                _mui_open_font
                0x00032dda                _mui_close_font
                0x00032d48                _font_cache_check
 .text          0x0003351c     0x1ccc build-newer-morphos/mui_gui.o
                0x00034f80                _gui_window_set_url
                0x0003502a                _gui_window_scroll_start
                0x00034c4e                _gui_window_redraw_window
                0x00035038                _gui_download_window_create
                0x00034768                _gui_window_redraw5
                0x00034fce                _gui_window_stop_throbber
                0x00034926                _gui_window_redraw3
                0x00033ec2                _gui_multitask
                0x00034c76                _gui_window_update_box
                0x000351de                _gui_drag_save_object
                0x00034f18                _gui_window_set_status
                0x00035036                _gui_window_set_scale
                0x000349dc                _gui_window_redraw2
                0x00033fa2                _gui_create_browser_window1
                0x00034fa8                _gui_window_start_throbber
                0x0003502e                _gui_window_box_scroll_start
                0x00034e4c                _gui_window_set_scroll
                0x00035034                _gui_window_save_as_link
                0x00033f1a                _gui_quit
                0x00033f1c                _gui_create_browser_window
                0x00035032                _gui_window_frame_resize_start
                0x000351ba                _gui_download_window_done
                0x000351e0                _gui_create_form_select_menu
                0x000340e8                _gui_window_redraw
                0x00035144                _gui_download_window_data
                0x00034a92                _gui_window_redraw1
                0x0003485c                _gui_window_redraw4
                0x000351e4                _gui_cert_verify
                0x00033d46                _gui_init2
                0x00034214                _gui_window_redraw11
                0x00034024                _gui_window_destroy
                0x00034b7a                _gui_window_redraw_org
                0x000340be                _gui_window_set_title
                0x000342f0                _gui_window_redraw10
                0x00034f48                _gui_window_set_pointer
                0x00034ff6                _gui_window_place_caret
                0x00033ee6                _gui_poll
                0x00034eb6                _gui_window_scroll_visible
                0x0003465c                _gui_window_redraw6
                0x00034ecc                _gui_window_get_dimensions
                0x000343a8                _gui_window_redraw9
                0x00034f4a                _gui_window_hide_pointer
                0x00035000                _gui_window_remove_caret
                0x000351e2                _gui_launch_url
                0x00035196                _gui_download_window_error
                0x00034f16                _gui_window_update_extent
                0x00034448                _gui_window_redraw8
                0x00034e06                _gui_window_get_scroll
                0x00033b8a                _gui_init
                0x0003457c                _gui_window_redraw7
                0x00034eca                _gui_window_position_frame
                0x00035002                _gui_window_new_content
 .text          0x000351e8      0x650 build-newer-morphos/mui_history.o
                0x00035716                _mui_global_history_save
                0x0003576e                _global_history_add_recent
                0x00035826                _global_history_get_recent
                0x000354ac                _mui_global_history_initialise
                0x000355a6                _global_history_add
 .text          0x00035838      0x59c build-newer-morphos/mui_historylistclass.o
                0x00035d4a                _create_historylistclass
                0x00035da0                _delete_historylistclass
                0x00035dca                _gethistorylistclassroot
                0x00035dbe                _gethistorylistclass
 .text          0x00035dd4      0x7f0 build-newer-morphos/mui_historypopstringclass.o
                0x000365ae                _gethistorypopstringclass
                0x000365ba                _gethistorypopstringclassroot
                0x00036590                _delete_historypopstringclass
                0x0003653a                _create_historypopstringclass
 .text          0x000365c4      0xcf0 build-newer-morphos/mui_hotlistwindowclass.o
                0x0003729c                _gethotlistwindowclass
                0x000372a8                _gethotlistwindowclassroot
                0x00037228                _create_hotlistwindowclass
                0x000372b0                _hotlist_visited
                0x0003727e                _delete_hotlistwindowclass
 .text          0x000372b4      0x5c0 build-newer-morphos/mui_loadpng.o
                0x0003769a                _png_load
 .text          0x00037874       0x5c build-newer-morphos/mui_login.o
 .text          0x000378d0      0x590 build-newer-morphos/mui_loginwindowclass.o
                0x00037e4a                _getloginwindowclass
                0x00037dd6                _create_loginwindowclass
                0x00037e2c                _delete_loginwindowclass
                0x00037e56                _getloginwindowclassroot
 .text          0x00037e60      0x11c build-newer-morphos/mui_methodstack.o
                0x00037f44                _methodstack_push
                0x00037f60                _methodstack_push_imm
                0x00037ebc                _methodstack_init
                0x00037ebe                _methodstack_cleanup
                0x00037f2a                _methodstack_push_sync
 .text          0x00037f7c      0x5b0 build-newer-morphos/mui_mui.o
                0x000382fc                _MakeHBar
                0x00038506                _getv
                0x0003829c                _MakeButton
                0x000383d2                _MakePrefsString
                0x00038436                _MakeDirString
                0x0003833e                _MakeNewString
                0x000382d8                _MakeVBar
                0x0003828c                _MakeRect
                0x0003838e                _MakeString
                0x000384c2                _MakeCycle
                0x00038320                _MakeLabel
                0x00038240                _MakeCheck
                0x00038222                _classes_cleanup
                0x000381ec                _classes_init
 .text          0x0003852c      0x484 build-newer-morphos/mui_navigationbarclass.o
                0x0003897e                _delete_navigationbargroupclass
                0x0003899c                _getnavigationbargroupclass
                0x00038928                _create_navigationbargroupclass
                0x000389a8                _getnavigationbargroupclassroot
 .text          0x000389b0      0x33c build-newer-morphos/mui_netsurf.o
                0x00038a0c                _version
                0x00038cd0                _netsurf_cleanup
                0x00038ba8                _netsurf_check_events
                0x00038c90                _netsurf_setup
 .text          0x00038cec      0x534 build-newer-morphos/mui_pdfclass.o
                0x000391ec                _delete_pdfclass
                0x00039216                _getpdfclassroot
                0x0003920a                _getpdfclass
                0x00039196                _create_pdfclass
 .text          0x00039220     0x174c build-newer-morphos/mui_plotters.o
                0x0003955a                _SetColorAB3
                0x000397d8                _SetColorAB
                0x000392de                _SetColorAB1
                0x0003a92c                _muiplot
 .text          0x0003a96c      0x71c build-newer-morphos/mui_popstringclass.o
                0x0003b072                _getpopstringclass
                0x0003b054                _delete_popstringclass
                0x0003affe                _create_popstringclass
                0x0003b07e                _getpopstringclassroot
 .text          0x0003b088      0x460 build-newer-morphos/mui_print.o
                0x0003b3c6                _print_doc
 .text          0x0003b4e8      0x7b8 build-newer-morphos/mui_quicklinkbuttongroupclass.o
                0x0003bc18                _create_quicklinkbuttongroupclass
                0x0003bc8c                _getquicklinkbuttongroupclass
                0x0003bc6e                _delete_quicklinkbuttongroupclass
                0x0003bc98                _getquicklinkbuttongroupclassroot
 .text          0x0003bca0      0xfb4 build-newer-morphos/mui_quicklinkgroupclass.o
                0x0003cc22                _delete_quicklinkgroupclass
                0x0003cbcc                _create_quicklinkgroupclass
                0x0003cc4c                _getquicklinkgroupclassroot
                0x0003cc40                _getquicklinkgroupclass
 .text          0x0003cc54      0x6bc build-newer-morphos/mui_quicklinkparentgroupclass.o
                0x0003d308                _getquicklinkparentgroupclassroot
                0x0003d2de                _delete_quicklinkparentgroupclass
                0x0003d2fc                _getquicklinkparentgroupclass
                0x0003d288                _create_quicklinkparentgroupclass
 .text          0x0003d310      0xf34 build-newer-morphos/mui_save_complete.o
                0x0003d36c                _save_complete
                0x0003da5a                _save_complete_init
 .text          0x0003e244      0x2e8 build-newer-morphos/mui_schedule.o
                0x0003e4c2                _mui_schedule_finalise
                0x0003e2e4                _schedule
                0x0003e368                _schedule_remove
                0x0003e3c8                _mui_schedule_poll
                0x0003e450                _mui_schedule_init
 .text          0x0003e52c      0x90c build-newer-morphos/mui_search.o
                0x0003ed94                _start_search
                0x0003e948                _gui_search_term_highlighted
                0x0003e8a0                _find_occurrences_text
 .text          0x0003ee38      0x3d0 build-newer-morphos/mui_searchbarclass.o
                0x0003f17e                _create_searchbargroupclass
                0x0003f1f2                _getsearchbargroupclass
                0x0003f1d4                _delete_searchbargroupclass
                0x0003f1fe                _getsearchbargroupclassroot
 .text          0x0003f208     0x3cc0 build-newer-morphos/mui_throbber.o
                0x0003f208                _Throbber
 .text          0x00042ec8        0x4 build-newer-morphos/mui_thumbnail.o
                0x00042ec8                _thumbnail_create
 .text          0x00042ecc      0x344 build-newer-morphos/mui_titleclass.o
                0x00043206                _gettitleclassroot
                0x00043186                _create_titleclass
                0x000431dc                _delete_titleclass
                0x000431fa                _gettitleclass
 .text          0x00043210      0x458 build-newer-morphos/mui_titlelabelclass.o
                0x000435e0                _create_titlelabelclass
                0x00043654                _gettitlelabelclass
                0x00043636                _delete_titlelabelclass
                0x00043660                _gettitlelabelclassroot
 .text          0x00043668      0x560 build-newer-morphos/mui_toolbuttonclass.o
                0x00043b52                _gettoolbuttonclassroot
                0x00043b6e                _create_toolbutton
                0x00043b46                _gettoolbuttonclass
                0x00043b28                _delete_toolbuttonclass
                0x00043ad2                _create_toolbuttonclass
 .text          0x00043bc8      0x6e4 build-newer-morphos/mui_transferanimclass.o
                0x00043c7c                _transferanimclass_load
                0x00044296                _gettransferanimclass
                0x00044278                _delete_transferanimclass
                0x00043d18                _transferanimclass_unload
                0x00044222                _create_transferanimclass
                0x000442a2                _gettransferanimclassroot
 .text          0x000442ac      0x174 build-newer-morphos/mui_tree.o
                0x000442b6                _tree_recalculate_node_element
                0x000442b4                _tree_draw_node_expansion
                0x0004441a                _tree_resized
                0x000442d8                _tree_update_URL_node
                0x0004441e                _tree_set_node_sprite
                0x0004441c                _tree_set_node_sprite_folder
                0x000442ac                _tree_initialise_redraw
                0x000442ae                _tree_redraw_area
                0x000442b0                _tree_draw_line
                0x000442b2                _tree_draw_node_element
 .text          0x00044420       0x5c build-newer-morphos/mui_utf8.o
                0x00044420                _utf8_to_local_encoding
 .text          0x0004447c      0x650 build-newer-morphos/mui_utils.o
                0x0004463e                _utf8_octets
                0x000445be                _utf8_at_index
                0x0004478a                _die
                0x000446e4                _utf8_to_amiga1
                0x0004475c                _warn_user
                0x000444d8                _GetNameFromLock
                0x000448bc                _uname
                0x0004467a                _utf8_to_amiga
                0x00044602                _utf8_codepoints
                0x00044854                _path_to_url
                0x00044532                _BuildFileName
                0x000447ba                _url_to_path
                0x00044ac8                _select1
                0x00044930                _strtof
                0x00044584                _DupStr
                0x00044aca                ___chkabort
 .text          0x00044acc     0x1550 build-newer-morphos/mui_windowclass.o
                0x00045f92                _create_windowclass
                0x00046012                _getwindowclassroot
                0x00045fe8                _delete_windowclass
                0x00046006                _getwindowclass
 .text          0x0004601c     0x15b0 build-newer-morphos/render_box.o
                0x000462f8                _box_coords
                0x00046212                _box_insert_sibling
                0x000468ee                _box_visible
                0x000461a8                _box_add_child
                0x00046084                _box_create
                0x00046250                _box_unlink_and_free
                0x000462ca                _box_free_box
                0x000471e4                _box_duplicate_tree
                0x00046788                _box_object_at_point
                0x00046396                _box_at_point
                0x0004689c                _box_find_by_id
                0x0004634c                _box_bounds
                0x0004629e                _box_free
                0x00046bd0                _box_dump
                0x00046812                _box_href_at_point
 .text          0x000475cc     0x3fa4 build-newer-morphos/render_box_construct.o
                0x000479cc                _box_construct_element
                0x00048196                _box_construct_text
                0x0004b2bc                _box_extract_link
                0x00047764                _xml_to_box
 .text          0x0004b570     0x121c build-newer-morphos/render_box_normalise.o
                0x0004b668                _box_normalise_block
 .text          0x0004c78c      0x3e0 build-newer-morphos/render_directory.o
                0x0004c886                _directory_convert
                0x0004c7bc                _directory_create
                0x0004cb56                _directory_destroy
 .text          0x0004cb6c      0xcb8 build-newer-morphos/render_form.o
                0x0004cf30                _form_successful_controls
                0x0004cdd6                _form_free_control
                0x0004cce0                _form_free
                0x0004cd7e                _form_add_control
                0x0004cbca                _form_new
                0x0004cd2e                _form_new_control
                0x0004ce66                _form_add_option
                0x0004d5c8                _form_free_successful
                0x0004d45e                _form_url_encode
 .text          0x0004d824     0x2f80 build-newer-morphos/render_html.o
                0x0004f746                _html_replace_object
                0x00050340                _html_reformat
                0x0004d984                _html_create
                0x0004daf8                _html_process_data
                0x000503be                _html_destroy
                0x0004de02                _html_convert
                0x0004f5fc                _html_fetch_object
                0x000506d6                _html_open
                0x0005074c                _html_close
                0x0005029c                _html_stop
 .text          0x000507a4     0x4c1c build-newer-morphos/render_html_redraw.o
                0x00051c18                _text_redraw
                0x0005520e                _box_vscrollbar_present
                0x0005526e                _box_scrollbar_dimensions
                0x000523f2                _html_redraw_inline_borders
                0x0005523e                _box_hscrollbar_present
                0x0005081a                _html_redraw
 .text          0x000553c0     0x1314 build-newer-morphos/render_hubbub_binding.o
                0x00055528                _binding_create_tree
                0x00055710                _binding_get_forms
                0x00055644                _binding_destroy_tree
                0x0005568a                _binding_parse_chunk
                0x000556be                _binding_parse_completed
                0x00055738                _binding_get_control_for_node
                0x000556e6                _binding_get_encoding
                0x00055702                _binding_get_document
 .text          0x000566d4     0x110c build-newer-morphos/render_imagemap.o
                0x000568b8                _imagemap_destroy
                0x00056952                _imagemap_dump
                0x00056a7a                _imagemap_extract
                0x000573f6                _imagemap_get
 .text          0x000577e0     0x6954 build-newer-morphos/render_layout.o
                0x0005deca                _layout_calculate_descendant_bboxes
                0x0005786a                _layout_document
                0x00059988                _layout_inline_container
                0x0005c50e                _layout_minmax_table
 .text          0x0005e134      0x66c build-newer-morphos/render_list.o
                0x0005e2e8                _render_list_counter_reset
                0x0005e79e                _render_list_test
                0x0005e42e                _render_list_counter
                0x0005e298                _render_list_destroy_counters
                0x0005e368                _render_list_counter_increment
                0x0005e3dc                _render_list_counter_end_scope
 .text          0x0005e7a0      0x7d8 build-newer-morphos/render_loosen.o
                0x0005e7fc                _loosen_document_layout
 .text          0x0005ef78      0xab8 build-newer-morphos/render_table.o
                0x0005f9c0                _table_find_cell
                0x0005f48c                _table_collapse_borders
                0x0005f01a                _table_calculate_column_types
 .text          0x0005fa30      0xfa0 build-newer-morphos/render_textplain.o
                0x00060976                _textplain_get_raw_data
                0x000600b6                _textplain_redraw
                0x0005fac2                _textplain_create
                0x000604f0                _textplain_offset_from_coords
                0x0006009c                _textplain_destroy
                0x00060796                _textplain_coords_from_range
                0x0005fe2c                _textplain_convert
                0x0006066a                _textplain_find_line
                0x0005fc6e                _textplain_process_data
                0x00060920                _textplain_get_line
                0x0005fe90                _textplain_reformat
 .text          0x000609d0      0x43c build-newer-morphos/utils_base64.o
                0x00060c5c                _base64_decode
                0x00060a10                _base64_encode
                0x00060aec                _base64_encode_alloc
                0x00060c44                _isbase64
                0x00060d96                _base64_decode_alloc
 .text          0x00060e0c      0x8fc build-newer-morphos/utils_filename.o
                0x000610a6                _filename_initialise
                0x00061104                _filename_flush
                0x00060fd2                _filename_release
                0x00060f34                _filename_claim
                0x00060e70                _filename_request
 .text          0x00061708      0x2d4 build-newer-morphos/utils_hashtable.o
                0x00061986                _hash_iterate
                0x000618e8                _hash_get
                0x0006180a                _hash_add
                0x00061764                _hash_create
                0x000617ae                _hash_destroy
 .text          0x000619dc      0x290 build-newer-morphos/utils_locale.o
                0x00061bd4                _ls_isxdigit
                0x00061b0c                _ls_isprint
                0x000619e0                _ls_isalpha
                0x00061a76                _ls_isdigit
                0x00061b3e                _ls_ispunct
                0x00061ada                _ls_islower
                0x00061a12                _ls_isalnum
                0x00061c06                _ls_tolower
                0x00061aa8                _ls_isgraph
                0x00061b70                _ls_isspace
                0x00061c38                _ls_toupper
                0x00061ba2                _ls_isupper
                0x00061a44                _ls_iscntrl
 .text          0x00061c6c      0x2bc build-newer-morphos/utils_messages.o
                0x00061ed2                _messages_get_ctx
                0x00061e5e                _messages_load
                0x00061f16                _messages_get
                0x00061d12                _messages_load_ctx
 .text          0x00061f28     0x3508 build-newer-morphos/utils_talloc.o
                0x000630e8                _talloc_check_name
                0x00064062                _talloc_reference_count
                0x00064794                __talloc_memdup
                0x000650ee                _talloc_autofree_context
                0x000623b8                _talloc_unlink
                0x00065302                _talloc_show_parents
                0x0006377e                __talloc
                0x00063964                _talloc_free
                0x00063f66                __talloc_move
                0x0006383c                _talloc_set_name_const
                0x00063b7e                __talloc_realloc
                0x0006345c                _talloc_free_children
                0x00061fd2                __talloc_set_destructor
                0x00062092                __talloc_reference
                0x000651fe                _talloc_get_size
                0x000640a2                _talloc_report_depth_cb
                0x00063120                _talloc_init
                0x000642da                _talloc_report_full
                0x000653c0                _talloc_is_parent
                0x0006467a                _talloc_enable_leak_report_full
                0x000642f0                _talloc_report
                0x00064452                _talloc_disable_null_tracking
                0x00062004                _talloc_increase_ref_count
                0x0006309c                _talloc_get_name
                0x00064ad0                _talloc_vasprintf
                0x000621fa                __talloc_steal
                0x000648b6                _talloc_strdup
                0x000649ae                _talloc_strndup
                0x00064c1e                _talloc_vasprintf_append
                0x00062cb2                _talloc_set_name
                0x00063ff8                _talloc_total_blocks
                0x00064d1a                __talloc_array
                0x00061f7e                _talloc_parent_name
                0x00061f28                _talloc_parent
                0x00064c02                _talloc_asprintf
                0x00064eaa                _talloc_realloc_fn
                0x00064cfe                _talloc_asprintf_append
                0x00065236                _talloc_find_parent_byname
                0x00064364                _talloc_enable_null_tracking
                0x00062d3a                _talloc_named
                0x00063870                _talloc_named_const
                0x00064668                _talloc_enable_leak_report
                0x0006491c                _talloc_append_string
                0x0006468c                __talloc_zero
                0x00064e2e                __talloc_zero_array
                0x00064e6a                __talloc_realloc_array
                0x000642ae                _talloc_report_depth_file
                0x00063f7e                _talloc_total_size
 .text          0x00065430     0x18cc build-newer-morphos/utils_url.o
                0x00066384                _url_nice
                0x0006694c                _url_get_components
                0x00065ef2                _url_scheme
                0x00065a84                _url_join
                0x00066112                _url_plq
                0x0006600e                _url_parent
                0x00066244                _url_leafname
                0x00065596                _url_host_is_ip_address
                0x00065554                _url_init
                0x00066b92                _url_reform_components
                0x0006671a                _url_compare
                0x00065f62                _url_canonical_root
                0x00065e0e                _url_host
                0x000665d6                _url_escape
                0x000661ce                _url_path
                0x000662de                _url_fragment
                0x00066cca                _url_destroy_components
                0x00065652                _url_normalize
 .text          0x00066cfc      0x11c build-newer-morphos/utils_useragent.o
                0x00066e02                _user_agent_string
 .text          0x00066e18      0x488 build-newer-morphos/utils_utf8.o
                0x00067040                _utf8_to_enc
                0x00066e74                _utf8_to_ucs4
                0x00066f96                _utf8_prev
                0x0006705c                _utf8_from_enc
                0x00066f10                _utf8_bounded_length
                0x00066ef6                _utf8_length
                0x00066f60                _utf8_char_byte_length
                0x00067012                _utf8_finalise
                0x00066ea6                _utf8_from_ucs4
                0x00066fd2                _utf8_next
 .text          0x000672a0      0x600 build-newer-morphos/utils_utils.o
                0x000674be                _is_dir
                0x00067456                _cnv_space2nbsp
                0x000673ac                _squash_whitespace
                0x00067372                _whitespace
                0x00067302                _strip
                0x00067584                _human_friendly_bytesize
                0x000676ce                _rfc1123_date
                0x000677c2                _strcasestr
                0x0006784c                _strndup
                0x00067810                _wallclock
                0x00067516                _regcomp_wrapper
 .text          0x000678a0     0x3398 /opt/netsurf/m68k-unknown-amigaos/env/lib/libjpeg.a(jdmarker.o)
                0x0006aa94                _jpeg_save_markers
                0x0006a9ce                _jinit_marker_reader
                0x0006a7ea                _jpeg_resync_to_restart
                0x0006abba                _jpeg_set_marker_processor
 .text          0x0006ac38     0x172c /opt/netsurf/m68k-unknown-amigaos/env/lib/libjpeg.a(jerror.o)
                0x0006c2d8                _jpeg_std_error
                0x0006be8e                _jpeg_std_message_table
 .text          0x0006c364      0x868 /opt/netsurf/m68k-unknown-amigaos/env/lib/libjpeg.a(jdapimin.o)
                0x0006c4ee                _jpeg_abort_decompress
                0x0006c8d6                _jpeg_consume_input
                0x0006c364                _jpeg_CreateDecompress
                0x0006ca42                _jpeg_has_multiple_scans
                0x0006caa0                _jpeg_finish_decompress
                0x0006c4da                _jpeg_destroy_decompress
                0x0006c822                _jpeg_read_header
                0x0006c9e4                _jpeg_input_complete
 .text          0x0006cbcc      0x684 /opt/netsurf/m68k-unknown-amigaos/env/lib/libjpeg.a(jdapistd.o)
                0x0006ce92                _jpeg_read_scanlines
                0x0006d0da                _jpeg_start_output
                0x0006cf98                _jpeg_read_raw_data
                0x0006d170                _jpeg_finish_output
                0x0006cbcc                _jpeg_start_decompress
 .text          0x0006d250      0x104 /opt/netsurf/m68k-unknown-amigaos/env/lib/libjpeg.a(jcomapi.o)
                0x0006d2ee                _jpeg_alloc_quant_table
                0x0006d250                _jpeg_abort
                0x0006d320                _jpeg_alloc_huff_table
                0x0006d2b8                _jpeg_destroy
 .text          0x0006d354      0x5bc /opt/netsurf/m68k-unknown-amigaos/env/lib/libjpeg.a(jutils.o)
                0x0006d598                _jpeg_natural_order6
                0x0006d668                _jpeg_natural_order5
                0x0006d890                _jcopy_sample_rows
                0x0006d354                _jpeg_natural_order
                0x0006d860                _jround_up
                0x0006d7f0                _jpeg_natural_order2
                0x0006d494                _jpeg_natural_order7
                0x0006d8ee                _jcopy_block_row
                0x0006d840                _jdiv_round_up
                0x0006d70c                _jpeg_natural_order4
                0x0006d78c                _jpeg_natural_order3
 .text          0x0006d910     0x15b8 /opt/netsurf/m68k-unknown-amigaos/env/lib/libjpeg.a(jmemmgr.o)
                0x0006ecbc                _jinit_memory_mgr
 .text          0x0006eec8     0x177c /opt/netsurf/m68k-unknown-amigaos/env/lib/libjpeg.a(jdinput.o)
                0x000705ca                _jinit_input_controller
                0x0006eec8                _jpeg_core_output_dimensions
 .text          0x00070644      0xd20 /opt/netsurf/m68k-unknown-amigaos/env/lib/libjpeg.a(jdmaster.o)
                0x00071258                _jpeg_new_colormap
                0x000707c6                _jpeg_calc_output_dimensions
                0x0007130a                _jinit_master_decompress
 .text          0x00071364       0x94 /opt/netsurf/m68k-unknown-amigaos/env/lib/libjpeg.a(jmemnobs.o)
                0x00071378                _jpeg_free_small
                0x000713b4                _jpeg_mem_available
                0x000713e4                _jpeg_mem_init
                0x000713a0                _jpeg_free_large
                0x000713c0                _jpeg_open_backing_store
                0x0007138c                _jpeg_get_large
                0x00071364                _jpeg_get_small
                0x000713ee                _jpeg_mem_term
 .text          0x000713f8     0x1294 /opt/netsurf/m68k-unknown-amigaos/env/lib/libjpeg.a(jquant1.o)
                0x00072592                _jinit_1pass_quantizer
 .text          0x0007268c     0x1d14 /opt/netsurf/m68k-unknown-amigaos/env/lib/libjpeg.a(jquant2.o)
                0x00074184                _jinit_2pass_quantizer
 .text          0x000743a0      0xa98 /opt/netsurf/m68k-unknown-amigaos/env/lib/libjpeg.a(jdmerge.o)
                0x00074d52                _jinit_merged_upsampler
 .text          0x00074e38      0xb98 /opt/netsurf/m68k-unknown-amigaos/env/lib/libjpeg.a(jdcolor.o)
                0x00075670                _jinit_color_deconverter
 .text          0x000759d0      0x730 /opt/netsurf/m68k-unknown-amigaos/env/lib/libjpeg.a(jdsample.o)
                0x00075e02                _jinit_upsampler
 .text          0x00076100      0x588 /opt/netsurf/m68k-unknown-amigaos/env/lib/libjpeg.a(jdpostct.o)
                0x00076568                _jinit_d_post_controller
 .text          0x00076688      0x940 /opt/netsurf/m68k-unknown-amigaos/env/lib/libjpeg.a(jddctmgr.o)
                0x00076f0c                _jinit_inverse_dct
 .text          0x00076fc8     0x17ac /opt/netsurf/m68k-unknown-amigaos/env/lib/libjpeg.a(jdarith.o)
                0x00078674                _jinit_arith_decoder
 .text          0x00078774     0x3088 /opt/netsurf/m68k-unknown-amigaos/env/lib/libjpeg.a(jdhuff.o)
                0x0007b6e0                _jinit_huff_decoder
 .text          0x0007b7fc     0x1450 /opt/netsurf/m68k-unknown-amigaos/env/lib/libjpeg.a(jdcoefct.o)
                0x0007ca74                _jinit_d_coef_controller
 .text          0x0007cc4c      0xad4 /opt/netsurf/m68k-unknown-amigaos/env/lib/libjpeg.a(jdmainct.o)
                0x0007d5a8                _jinit_d_main_controller
 .text          0x0007d720     0xc208 /opt/netsurf/m68k-unknown-amigaos/env/lib/libjpeg.a(jidctint.o)
                0x00085eac                _jpeg_idct_10x5
                0x00084f58                _jpeg_idct_14x7
                0x0007ee1c                _jpeg_idct_4x4
                0x00089372                _jpeg_idct_3x6
                0x0007e618                _jpeg_idct_6x6
                0x00083752                _jpeg_idct_16x16
                0x0007fb90                _jpeg_idct_10x10
                0x0007f0ea                _jpeg_idct_3x3
                0x0007ea46                _jpeg_idct_5x5
                0x0007dfea                _jpeg_idct_7x7
                0x000857ec                _jpeg_idct_12x6
                0x00089890                _jpeg_idct_1x2
                0x00086ea0                _jpeg_idct_2x1
                0x0008813a                _jpeg_idct_6x12
                0x00082c0c                _jpeg_idct_15x15
                0x00088d8a                _jpeg_idct_4x8
                0x0008697a                _jpeg_idct_6x3
                0x0007d720                _jpeg_idct_islow
                0x00080d28                _jpeg_idct_12x12
                0x00086cb2                _jpeg_idct_4x2
                0x0007f326                _jpeg_idct_2x2
                0x000896a4                _jpeg_idct_2x4
                0x000887ca                _jpeg_idct_5x10
                0x0007f464                _jpeg_idct_1x1
                0x0008648a                _jpeg_idct_8x4
                0x000878f8                _jpeg_idct_7x14
                0x00086f34                _jpeg_idct_8x16
                0x00084438                _jpeg_idct_16x8
                0x0008163e                _jpeg_idct_13x13
                0x00082164                _jpeg_idct_14x14
                0x0007f4c0                _jpeg_idct_9x9
                0x00080358                _jpeg_idct_11x11
 .text          0x00089928      0x768 /opt/netsurf/m68k-unknown-amigaos/env/lib/libjpeg.a(jidctfst.o)
                0x00089928                _jpeg_idct_ifast
 .text          0x0008a090      0x950 /opt/netsurf/m68k-unknown-amigaos/env/lib/libjpeg.a(jidctflt.o)
                0x0008a090                _jpeg_idct_float
 .text          0x0008a9e0      0x1c8 /opt/netsurf/m68k-unknown-amigaos/env/lib/libjpeg.a(jaricom.o)
                0x0008a9e0                _jpeg_aritab
 .text          0x0008aba8     0x3b54 /opt/netsurf/m68k-unknown-amigaos/env/lib/libz.a(inflate.o)
                0x0008e184                _inflateSync
                0x0008e0a6                _inflateGetHeader
                0x0008ac1c                _inflateResetKeep
                0x0008e588                _inflateUndermine
                0x0008af7e                _inflatePrime
                0x0008e62a                _inflateMark
                0x0008e3d4                _inflateCopy
                0x0008e5c4                _inflateValidate
                0x0008ae4c                _inflateInit2_
                0x0008df08                _inflateGetDictionary
                0x0008ad12                _inflateReset
                0x0008e380                _inflateSyncPoint
                0x0008ad64                _inflateReset2
                0x0008e6b6                _inflateCodesUsed
                0x0008dfbe                _inflateSetDictionary
                0x0008af5e                _inflateInit_
                0x0008bcc4                _inflate
                0x0008de8e                _inflateEnd
 .text          0x0008e6fc      0xc88 /opt/netsurf/m68k-unknown-amigaos/env/lib/libz.a(gzlib.o)
                0x0008f376                _gz_intmax
                0x0008eb6e                _gzopen
                0x0008efcc                _gztell64
                0x0008f106                _gzeof
                0x0008f05a                _gzoffset64
                0x0008efa8                _gzseek
                0x0008ebae                _gzdopen
                0x0008f17a                _gzerror
                0x0008ed32                _gzseek64
                0x0008eb8a                _gzopen64
                0x0008ec26                _gzbuffer
                0x0008ecac                _gzrewind
                0x0008f0ec                _gzoffset
                0x0008f204                _gzclearerr
                0x0008f042                _gztell
                0x0008f26e                _gz_error
 .text          0x0008f384       0x58 /opt/netsurf/m68k-unknown-amigaos/env/lib/libz.a(gzclose.o)
                0x0008f384                _gzclose
 .text          0x0008f3dc     0x113c /opt/netsurf/m68k-unknown-amigaos/env/lib/libz.a(gzread.o)
                0x0008fe66                _gzfread
                0x0008fff4                _gzgetc_
                0x000903d6                _gzdirect
                0x00090210                _gzgets
                0x0009042a                _gzclose_r
                0x0008fd8c                _gzread
                0x0008ff3e                _gzgetc
                0x00090026                _gzungetc
 .text          0x00090518      0x14c /opt/netsurf/m68k-unknown-amigaos/env/lib/libz.a(zutil.o)
                0x0009062e                _zcalloc
                0x0009058e                _z_errmsg
                0x000905bc                _zlibVersion
                0x000905ca                _zlibCompileFlags
                0x000905ee                _zError
                0x00090650                _zcfree
 .text          0x00090664     0x326c /opt/netsurf/m68k-unknown-amigaos/env/lib/libz.a(crc32.o)
                0x000938b4                _crc32_combine_op
                0x0009388e                _crc32_combine_gen64
                0x00093874                _crc32_combine
                0x00092fe4                _get_crc_table
                0x00093830                _crc32
                0x0009384c                _crc32_combine64
                0x000938a4                _crc32_combine_gen
                0x0009307a                _crc32_z
 .text          0x000938d0      0x628 /opt/netsurf/m68k-unknown-amigaos/env/lib/libz.a(adler32.o)
                0x000938d0                _adler32_z
                0x00093ec0                _adler32_combine
                0x00093d8e                _adler32
                0x00093edc                _adler32_combine64
 .text          0x00093ef8      0x748 /opt/netsurf/m68k-unknown-amigaos/env/lib/libz.a(inftrees.o)
                0x00093ef8                _inflate_copyright
                0x00094024                _inflate_table
 .text          0x00094640      0x7c4 /opt/netsurf/m68k-unknown-amigaos/env/lib/libz.a(inffast.o)
                0x00094690                _inflate_fast
 .text          0x00094e04     0x1040 /opt/netsurf/m68k-unknown-amigaos/env/lib/libz.a(gzwrite.o)
                0x00095b2a                _gzprintf
                0x00095b56                _gzflush
                0x00095d1e                _gzclose_w
                0x000955a4                _gzwrite
                0x00095860                _gzputs
                0x0009570a                _gzputc
                0x0009590e                _gzvprintf
                0x0009563e                _gzfwrite
                0x00095c04                _gzsetparams
 .text          0x00095e44     0x4d6c /opt/netsurf/m68k-unknown-amigaos/env/lib/libz.a(deflate.o)
                0x00096eea                _deflateSetHeader
                0x00096f82                _deflatePrime
                0x00097296                _deflateTune
                0x0009877e                _deflateCopy
                0x00096c82                _deflateResetKeep
                0x00095e44                _deflate_copyright
                0x00097070                _deflateParams
                0x0009648a                _deflateInit_
                0x0009691c                _deflateSetDictionary
                0x00096f30                _deflatePending
                0x00098656                _deflateEnd
                0x0009762c                _deflate
                0x00096bda                _deflateGetDictionary
                0x000964bc                _deflateInit2_
                0x000972ee                _deflateBound
                0x00096ebc                _deflateReset
 .text          0x0009abb0     0x3798 /opt/netsurf/m68k-unknown-amigaos/env/lib/libz.a(trees.o)
                0x0009b91e                __tr_init
                0x0009d454                __tr_flush_bits
                0x0009b1f4                __dist_code
                0x0009e21a                __tr_tally
                0x0009de9e                __tr_flush_block
                0x0009d466                __tr_align
                0x0009b3f4                __length_code
                0x0009d28a                __tr_stored_block
 .text          0x0009e348       0x94 lib/libmui-5.a(libmui.o)
                0x0009e348                _MUI_NewObject
                0x0009e3a8                _MUI_AllocAslRequestTags
                0x0009e3c0                _MUI_AslRequestTags
                0x0009e360                _MUI_MakeObject
                0x0009e378                _MUI_Request
 .text          0x0009e3dc       0xb4 /mnt/e/usr/local/amiga/m68k-amigaos/clib/extra/ns-lib/libasyncio.a(CloseAsync.o)
                0x0009e3dc                _CloseAsync
 .text          0x0009e490      0x178 /mnt/e/usr/local/amiga/m68k-amigaos/clib/extra/ns-lib/libasyncio.a(ReadAsync.o)
                0x0009e490                _ReadAsync
 .text          0x0009e608       0x6c /mnt/e/usr/local/amiga/m68k-amigaos/clib/extra/ns-lib/libasyncio.a(OpenAsync.o)
                0x0009e60e                _OpenAsync
 .text          0x0009e674      0x164 /mnt/e/usr/local/amiga/m68k-amigaos/clib/extra/ns-lib/libasyncio.a(WriteAsync.o)
                0x0009e674                _WriteAsync
 .text          0x0009e7d8      0x110 /mnt/e/usr/local/amiga/m68k-amigaos/clib/extra/ns-lib/libasyncio.a(WaitPacket.o)
                0x0009e7d8                _AS_WaitPacket
 .text          0x0009e8e8       0x44 /mnt/e/usr/local/amiga/m68k-amigaos/clib/extra/ns-lib/libasyncio.a(SendPacket.o)
                0x0009e8e8                _AS_SendPacket
 .text          0x0009e92c      0x330 /mnt/e/usr/local/amiga/m68k-amigaos/clib/extra/ns-lib/libasyncio.a(OpenAsyncFH.o)
                0x0009e92c                _AS_OpenAsyncFH
 .text          0x0009ec5c      0x288 /mnt/e/usr/local/amiga/m68k-amigaos/clib/extra/ns-lib/libxml2.a(SAX.o)
                0x0009ec5c                _initxmlDefaultSAXHandler
                0x0009ed54                _inithtmlDefaultSAXHandler
                0x0009ee14                _initdocbDefaultSAXHandler
 .text          0x0009eee4     0x1430 /mnt/e/usr/local/amiga/m68k-amigaos/clib/extra/ns-lib/libxml2.a(entities.o)
                0x0009f4b6                _xmlAddDtdEntity
                0x0009fcb0                _xmlEncodeEntitiesReentrant
                0x0009f708                _xmlGetDtdEntity
                0x0009f6b2                _xmlGetParameterEntity
                0x0009fe5a                _xmlFreeEntitiesTable
                0x0009f736                _xmlGetDocEntity
                0x0009fc98                _xmlEncodeAttributeEntities
                0x0009f398                _xmlGetPredefinedEntity
                0x0009fd12                _xmlEncodeSpecialChars
                0x000a0110                _xmlDumpEntityDecl
                0x0009f62a                _xmlNewEntity
                0x0009ff8c                _xmlCopyEntitiesTable
                0x000a02f8                _xmlDumpEntitiesTable
                0x0009fe34                _xmlCreateEntitiesTable
                0x0009f59a                _xmlAddDocEntity
 .text          0x000a0314     0x2bd8 /mnt/e/usr/local/amiga/m68k-amigaos/clib/extra/ns-lib/libxml2.a(encoding.o)
                0x000a189a                _xmlRegisterCharEncodingHandler
                0x000a1098                _xmlAddEncodingAlias
                0x000a1cdc                _xmlGetCharEncodingHandler
                0x000a100c                _xmlGetEncodingAlias
                0x000a217e                _xmlCharEncFirstLineInput
                0x000a1740                _xmlInitCharEncodingHandlers
                0x000a1fc6                _xmlCharEncFirstLineInt
                0x000a04fe                _isolat1ToUTF8
                0x000a2700                _xmlCharEncOutput
                0x000a0600                _UTF8Toisolat1
                0x000a2a1c                _xmlCharEncOutFunc
                0x000a121c                _xmlDelEncodingAlias
                0x000a160a                _xmlGetCharEncodingName
                0x000a2520                _xmlCharEncInFunc
                0x000a0f7c                _xmlCleanupEncodingAliases
                0x000a2110                _xmlCharEncFirstLine
                0x000a1aee                _xmlFindCharEncodingHandler
                0x000a2cc6                _xmlCharEncCloseFunc
                0x000a0df8                _xmlDetectCharEncoding
                0x000a2d96                _xmlByteConsumed
                0x000a1a22                _xmlCleanupCharEncodingHandlers
                0x000a13ba                _xmlParseCharEncoding
                0x000a1952                _xmlNewCharEncodingHandler
                0x000a2356                _xmlCharEncInput
 .text          0x000a2eec     0x15a8 /mnt/e/usr/local/amiga/m68k-amigaos/clib/extra/ns-lib/libxml2.a(error.o)
                0x000a395c                _xmlParserWarning
                0x000a3d22                _xmlGetLastError
                0x000a2f1e                _initGenericErrorDefaultFunc
                0x000a4472                _xmlCtxtResetLastError
                0x000a3d3a                _xmlResetError
                0x000a2f6a                _xmlSetStructuredErrorFunc
                0x000a36ee                _xmlCopyError
                0x000a4396                ___xmlSimpleError
                0x000a3824                _xmlParserError
                0x000a443a                _xmlResetLastError
                0x000a3a9c                _xmlParserValidityError
                0x000a2f9c                _xmlParserPrintFileInfo
                0x000a3138                _xmlParserPrintFileContext
                0x000a2eec                _xmlGenericErrorDefaultFunc
                0x000a3c0a                _xmlParserValidityWarning
                0x000a4454                _xmlCtxtGetLastError
                0x000a2f40                _xmlSetGenericErrorFunc
                0x000a3e42                ___xmlRaiseError
 .text          0x000a4494     0x27a8 /mnt/e/usr/local/amiga/m68k-amigaos/clib/extra/ns-lib/libxml2.a(parserInternals.o)
                0x000a6034                _xmlNewInputFromFile
                0x000a5840                _xmlSwitchEncoding
                0x000a61dc                _xmlInitParserCtxt
                0x000a5442                _xmlCopyCharMultiByte
                0x000a6186                _xmlInitNodeInfoSeq
                0x000a45e4                _xmlErrMemory
                0x000a5bdc                _xmlNewInputStream
                0x000a6564                _xmlFreeParserCtxt
                0x000a5f40                _xmlNewStringInputStream
                0x000a693e                _xmlClearNodeInfoSeq
                0x000a5202                _xmlStringCurrentChar
                0x000a6bfe                _xmlSubstituteEntitiesDefault
                0x000a4810                _xmlIsLetter
                0x000a4ae6                _xmlNextChar
                0x000a6bd2                _xmlPedanticParserDefault
                0x000a6970                _xmlClearParserCtxt
                0x000a6be8                _xmlLineNumbersDefault
                0x000a5acc                _xmlSwitchInputEncoding
                0x000a450c                _xmlCheckVersion
                0x000a48a8                _xmlParserInputGrow
                0x000a4ea6                _xmlCurrentChar
                0x000a5ae8                _xmlSwitchToEncoding
                0x000a54e4                _xmlCopyChar
                0x000a6a1c                _xmlParserFindNodeInfo
                0x000a6a8a                _xmlParserAddNodeInfo
                0x000a5dae                _xmlNewEntityInputStream
                0x000a468a                ___xmlErrEncoding
                0x000a6994                _xmlParserFindNodeInfoIndex
                0x000a489e                _xmlParserInputRead
                0x000a5b00                _xmlFreeInputStream
                0x000a495e                _xmlParserInputShrink
                0x000a68e8                _xmlNewParserCtxt
                0x000a5c5a                _xmlNewIOInputStream
                0x000a6c14                _xmlKeepBlanksDefault
 .text          0x000a6c3c    0x17828 /mnt/e/usr/local/amiga/m68k-amigaos/clib/extra/ns-lib/libxml2.a(parser.o)
                0x000a988a                _xmlParsePubidLiteral
                0x000b1d6c                _xmlParseEndTag
                0x000b87d6                _xmlSetupParserForBuffer
                0x000b1f06                _xmlParseAttribute
                0x000b847e                _xmlSAXParseDTD
                0x000b3232                _xmlParseElementDecl
                0x000b39f2                _xmlParseEnumeratedType
                0x000b1d7e                _xmlParseVersionInfo
                0x000bb1c8                _xmlParseContent
                0x000b4be2                _xmlParsePI
                0x000be06e                _xmlReadMemory
                0x000b754c                _xmlParseXMLDecl
                0x000a86ac                _inputPop
                0x000b8798                _xmlCreateEntityParserCtxt
                0x000a9e66                _xmlParseEncodingDecl
                0x000ad91a                _xmlStringLenDecodeEntities
                0x000ad5ac                _xmlParsePITarget
                0x000a7f34                _xmlHasFeature
                0x000aeb2e                _xmlParseEntityRef
                0x000bbe34                _xmlParseExtParsedEnt
                0x000b020e                _xmlSkipBlankChars
                0x000a9c66                _xmlParseEncName
                0x000bd74a                _xmlParseFile
                0x000bccc6                _xmlSAXParseMemory
                0x000bc552                _xmlSetEntityReferenceFunc
                0x000aa13a                _xmlParseTextDecl
                0x000bccfc                _xmlParseMemory
                0x000b3848                _xmlParseNotationType
                0x000a9b74                _xmlParseVersionNum
                0x000b8106                _xmlStopParser
                0x000b4452                _xmlParseAttributeListDecl
                0x000b885e                _xmlCreateMemoryParserCtxt
                0x000a87da                _nodePop
                0x000b8254                _xmlIOParseDTD
                0x000b8142                _xmlCreateIOParserCtxt
                0x000bdf20                _xmlCtxtUseOptions
                0x000bcc22                _xmlSAXParseMemoryWithData
                0x000be034                _xmlReadFile
                0x000bd71c                _xmlSAXParseFile
                0x000bd75c                _xmlSAXParseEntity
                0x000bacf4                _xmlParseChunk
                0x000a8140                _xmlCheckLanguageID
                0x000a8820                _namePush
                0x000bcd12                _xmlCleanupParser
                0x000ab0b4                _xmlParseComment
                0x000a89c8                _xmlPopInput
                0x000b867e                _xmlParseDTD
                0x000b3018                _xmlParseElementContentDecl
                0x000bc52a                _xmlCreateDocParserCtxt
                0x000b3b18                _xmlParseAttributeType
                0x000bc562                _xmlInitParser
                0x000bb8be                _xmlParseCtxtExternalEntity
                0x000b7ed4                _xmlCreatePushParserCtxt
                0x000bcd6a                _xmlCtxtReset
                0x000b7956                _xmlParseMisc
                0x000b01e8                _xmlParseAttValue
                0x000be33e                _xmlCtxtReadFd
                0x000a8896                _namePop
                0x000bd59e                _xmlCreateFileParserCtxt
                0x000a8f3a                _xmlSplitQName
                0x000b2ba8                _xmlParseElementChildrenContentDecl
                0x000be0a4                _xmlReadFd
                0x000b56d6                _xmlParseDocTypeDecl
                0x000bcb7c                _xmlSAXUserParseMemory
                0x000aa426                _xmlParserHandlePEReference
                0x000bdb46                _xmlParseInNodeContext
                0x000a8624                _inputPush
                0x000b5380                _xmlParseExternalID
                0x000bcace                _xmlSAXParseDoc
                0x000aaae2                _xmlParseCDSect
                0x000bd736                _xmlRecoverFile
                0x000bd4fa                _xmlCreateURLParserCtxt
                0x000ae6ac                _xmlStringDecodeEntities
                0x000a872e                _nodePush
                0x000bc602                _xmlParseDocument
                0x000b363c                _xmlParseEnumerationType
                0x000ae90c                _xmlParsePEReference
                0x000aca26                _xmlParseName
                0x000be1e4                _xmlCtxtReadDoc
                0x000bcb66                _xmlRecoverDoc
                0x000bd7f0                _xmlParseBalancedChunkMemoryRecover
                0x000b209a                _xmlParseStartTag
                0x000b407e                _xmlParseDefaultDecl
                0x000be24c                _xmlCtxtReadFile
                0x000b5a06                _xmlParseEntityDecl
                0x000b6f38                _xmlParseExternalSubset
                0x000af246                _xmlParseCharRef
                0x000bdff2                _xmlReadDoc
                0x000bd64c                _xmlSAXParseFileWithData
                0x000bcb52                _xmlParseDoc
                0x000be2b4                _xmlCtxtReadMemory
                0x000ac6c2                _xmlParseNmtoken
                0x000aee2a                _xmlParseEntityValue
                0x000be3c8                _xmlCtxtReadIO
                0x000bd5b0                _xmlSAXUserParseFile
                0x000be13a                _xmlReadIO
                0x000bb866                _xmlParseExternalEntity
                0x000bd03e                _xmlCtxtResetPush
                0x000bcce4                _xmlRecoverMemory
                0x000ac318                _xmlParseSystemLiteral
                0x000b649a                _xmlParseMarkupDecl
                0x000b723e                _xmlParseSDDecl
                0x000b8cfa                _xmlParseReference
                0x000abb1e                _xmlParseCharData
                0x000bd7de                _xmlParseEntity
                0x000b623e                _xmlParseNotationDecl
                0x000b2bf2                _xmlParseElementMixedContentDecl
                0x000bc12c                _xmlParseElement
                0x000a8b92                _xmlPushInput
                0x000bdb20                _xmlParseBalancedChunkMemory
 .text          0x000be464     0xa308 /mnt/e/usr/local/amiga/m68k-amigaos/clib/extra/ns-lib/libxml2.a(tree.o)
                0x000c311e                _xmlNodeSetBase
                0x000c32ba                _xmlGetNsProp
                0x000c2fca                _xmlSetNsProp
                0x000c4228                _xmlNewDocNode
                0x000c27b6                _xmlSearchNsByHref
                0x000c3f50                _xmlNodeSetContent
                0x000c32ec                _xmlNodeGetSpacePreserve
                0x000c0a90                _xmlSetTreeDoc
                0x000c0bce                _xmlFirstElementChild